Archive member included to satisfy reference by file (symbol)

arch/arm/lib/lib.a(ashldi3.o)
                              drivers/built-in.o (__aeabi_llsl)
arch/arm/lib/lib.a(lib1funcs.o)
                              arch/arm/cpu/arm926ejs/built-in.o (__aeabi_uidiv)
arch/arm/lib/lib.a(lshrdi3.o)
                              fs/built-in.o (__aeabi_llsr)
arch/arm/lib/lib.a(muldi3.o)  common/built-in.o (__aeabi_lmul)
arch/arm/lib/lib.a(div0.o)    arch/arm/lib/lib.a(lib1funcs.o) (__div0)

Discarded input sections

 .data          0x0000000000000000        0x0 arch/arm/cpu/arm926ejs/start.o
 .bss           0x0000000000000000        0x0 arch/arm/cpu/arm926ejs/start.o
 .text          0x0000000000000000        0x0 arch/arm/cpu/arm926ejs/built-in.o
 .text.invalidate_dcache_all
                0x0000000000000000        0xc arch/arm/cpu/arm926ejs/built-in.o
 .text.invalidate_dcache_range
                0x0000000000000000       0x2c arch/arm/cpu/arm926ejs/built-in.o
 .text.invalidate_l2_cache
                0x0000000000000000        0x4 arch/arm/cpu/arm926ejs/built-in.o
 .text.s_init   0x0000000000000000        0x4 arch/arm/cpu/arm926ejs/built-in.o
 .data          0x0000000000000000        0x0 arch/arm/cpu/arm926ejs/built-in.o
 .bss           0x0000000000000000        0x0 arch/arm/cpu/arm926ejs/built-in.o
 .text.armv7_boot_nonsec_default
                0x0000000000000000        0x4 arch/arm/lib/built-in.o
 .text.enable_caches
                0x0000000000000000        0xc arch/arm/lib/built-in.o
 .text.invalidate_dcache_range
                0x0000000000000000        0x4 arch/arm/lib/built-in.o
 .text.flush_dcache_range
                0x0000000000000000        0x4 arch/arm/lib/built-in.o
 .text.flush_dcache_all
                0x0000000000000000        0xc arch/arm/lib/built-in.o
 .text.invalidate_l2_cache
                0x0000000000000000        0xc arch/arm/lib/built-in.o
 .text.mmu_page_table_flush
                0x0000000000000000        0x4 arch/arm/lib/built-in.o
 .text.mmu_set_region_dcache_behaviour
                0x0000000000000000       0x58 arch/arm/lib/built-in.o
 .text.icache_enable
                0x0000000000000000       0x10 arch/arm/lib/built-in.o
 .text.icache_status
                0x0000000000000000       0x10 arch/arm/lib/built-in.o
 .text.fdt_psci
                0x0000000000000000        0x4 arch/arm/lib/built-in.o
 .rodata.enable_caches.str1.1
                0x0000000000000000       0x1d arch/arm/lib/built-in.o
 .data          0x0000000000000000        0x0 arch/arm/lib/built-in.o
 .__secure_end  0x0000000000000000        0x0 arch/arm/lib/built-in.o
 .__secure_stack_end
                0x0000000000000000        0x0 arch/arm/lib/built-in.o
 .__secure_stack_start
                0x0000000000000000        0x0 arch/arm/lib/built-in.o
 .__secure_start
                0x0000000000000000        0x0 arch/arm/lib/built-in.o
 .bss           0x0000000000000000        0x0 arch/arm/lib/built-in.o
 .text          0x0000000000000000        0x0 arch/arm/mach-sunxi/built-in.o
 .text.gtbus_init
                0x0000000000000000        0x2 arch/arm/mach-sunxi/built-in.o
 .text.mctl_await_completion
                0x0000000000000000       0x30 arch/arm/mach-sunxi/built-in.o
 .text.sunxi_gpio_get_cfgpin
                0x0000000000000000       0x28 arch/arm/mach-sunxi/built-in.o
 .text.sunxi_gpio_parse_pin_name
                0x0000000000000000       0x2a arch/arm/mach-sunxi/built-in.o
 .text.sunxi_gpio_setup_dt_pins
                0x0000000000000000      0x114 arch/arm/mach-sunxi/built-in.o
 .text.usb_phy_write.isra.0
                0x0000000000000000       0x64 arch/arm/mach-sunxi/built-in.o
 .text.sunxi_usb_phy_enable_squelch_detect
                0x0000000000000000       0x24 arch/arm/mach-sunxi/built-in.o
 .text.sunxi_usb_phy_init
                0x0000000000000000       0x70 arch/arm/mach-sunxi/built-in.o
 .text.sunxi_usb_phy_exit
                0x0000000000000000       0x40 arch/arm/mach-sunxi/built-in.o
 .text.sunxi_usb_phy_power_on
                0x0000000000000000       0x4c arch/arm/mach-sunxi/built-in.o
 .text.sunxi_usb_phy_power_off
                0x0000000000000000       0x28 arch/arm/mach-sunxi/built-in.o
 .text.sunxi_usb_phy_vbus_detect
                0x0000000000000000       0x48 arch/arm/mach-sunxi/built-in.o
 .text.sunxi_usb_phy_id_detect
                0x0000000000000000       0x20 arch/arm/mach-sunxi/built-in.o
 .text.sunxi_usb_phy_remove
                0x0000000000000000       0x3c arch/arm/mach-sunxi/built-in.o
 .text.clock_set_pll3
                0x0000000000000000       0x38 arch/arm/mach-sunxi/built-in.o
 .text.clock_set_pll5
                0x0000000000000000       0x9c arch/arm/mach-sunxi/built-in.o
 .text.clock_get_pll3
                0x0000000000000000       0x30 arch/arm/mach-sunxi/built-in.o
 .text.clock_get_mipi_pll
                0x0000000000000000       0x44 arch/arm/mach-sunxi/built-in.o
 .text.clock_set_de_mod_clock
[...]
Memory Configuration

Name             Origin             Length             Attributes
*default*        0x0000000000000000 0xffffffffffffffff

Linker script and memory map

Address of section .text set to 0x81700000
                0x0000000000000000                . = 0x0
                0x0000000000000000                . = ALIGN (0x4)

.text           0x0000000081700000    0x2b028
 *(.__image_copy_start)
 .__image_copy_start
                0x0000000081700000        0x0 arch/arm/lib/built-in.o
                0x0000000081700000                __image_copy_start
 *(.vectors)
 .vectors       0x0000000081700000      0x2e8 arch/arm/lib/built-in.o
                0x0000000081700000                _start
                0x0000000081700020                _undefined_instruction
                0x0000000081700024                _software_interrupt
                0x0000000081700028                _prefetch_abort
                0x000000008170002c                _data_abort
                0x0000000081700030                _not_used
                0x0000000081700034                _irq
                0x0000000081700038                _fiq
                0x0000000081700040                IRQ_STACK_START_IN
 arch/arm/cpu/arm926ejs/start.o(.text*)
 .text          0x00000000817002e8       0x64 arch/arm/cpu/arm926ejs/start.o
                0x00000000817002e8                reset
                0x00000000817002ec                save_boot_params_ret
                0x0000000081700304                c_runtime_cpu_setup
                0x0000000081700348                save_boot_params
 *(.text*)
 .text.cleanup_before_linux
                0x000000008170034c       0x20 arch/arm/cpu/arm926ejs/built-in.o
                0x000000008170034c                cleanup_before_linux
 .text.flush_dcache_all
                0x000000008170036c       0x14 arch/arm/cpu/arm926ejs/built-in.o
                0x000000008170036c                flush_dcache_all
 .text.flush_dcache_range
                0x0000000081700380       0x38 arch/arm/cpu/arm926ejs/built-in.o
                0x0000000081700380                flush_dcache_range
 .text.l2_cache_disable
                0x00000000817003b8        0x4 arch/arm/cpu/arm926ejs/built-in.o
                0x00000000817003b8                l2_cache_disable
 .text.timer_init
                0x00000000817003bc       0x20 arch/arm/cpu/arm926ejs/built-in.o
                0x00000000817003bc                timer_init
 .text.get_timer_masked
                0x00000000817003dc       0x50 arch/arm/cpu/arm926ejs/built-in.o
                0x00000000817003dc                get_timer_masked
 .text.get_timer
                0x000000008170042c       0x14 arch/arm/cpu/arm926ejs/built-in.o
                0x000000008170042c                get_timer
 .text.__udelay
                0x0000000081700440       0x38 arch/arm/cpu/arm926ejs/built-in.o
                0x0000000081700440                __udelay
 .text.get_ticks
                0x0000000081700478       0x10 arch/arm/cpu/arm926ejs/built-in.o
                0x0000000081700478                get_ticks
 .text.get_tbclk
                0x0000000081700488        0x6 arch/arm/cpu/arm926ejs/built-in.o
                0x0000000081700488                get_tbclk
 *fill*         0x000000008170048e        0x2 
 .text.lowlevel_init
                0x0000000081700490       0x24 arch/arm/cpu/arm926ejs/built-in.o
                0x0000000081700490                lowlevel_init
 *fill*         0x00000000817004b4        0xc 
 .text          0x00000000817004c0      0x480 arch/arm/lib/built-in.o
                0x00000000817004c0                _main
                0x0000000081700560                memset
                0x0000000081700608                memcpy
 .text.setjmp   0x0000000081700940       0x10 arch/arm/lib/built-in.o
                0x0000000081700940                setjmp
 .text.longjmp  0x0000000081700950       0x1c arch/arm/lib/built-in.o
                0x0000000081700950                longjmp
 .text.relocate_vectors
                0x000000008170096c       0x90 arch/arm/lib/built-in.o
                0x000000008170096c                relocate_vectors
                0x0000000081700994                relocate_code
 .text.arch_fixup_fdt
                0x00000000817009fc       0x28 arch/arm/lib/built-in.o
                0x00000000817009fc                arch_fixup_fdt
 .text.arch_lmb_reserve
                0x0000000081700a24       0x28 arch/arm/lib/built-in.o
                0x0000000081700a24                arch_lmb_reserve
 .text.board_quiesce_devices
                0x0000000081700a4c        0x2 arch/arm/lib/built-in.o
                0x0000000081700a4c                board_quiesce_devices
 *fill*         0x0000000081700a4e        0x2 
 .text.boot_jump_linux
                0x0000000081700a50       0x9c arch/arm/lib/built-in.o
 .text.setup_board_tags
                0x0000000081700aec        0x2 arch/arm/lib/built-in.o
                0x0000000081700aec                setup_board_tags
 *fill*         0x0000000081700aee        0x2 
 .text.boot_prep_linux
                0x0000000081700af0      0x12c arch/arm/lib/built-in.o
 .text.do_bootm_linux
                0x0000000081700c1c       0x48 arch/arm/lib/built-in.o
                0x0000000081700c1c                do_bootm_linux
 .text.boot_prep_vxworks
                0x0000000081700c64       0x3c arch/arm/lib/built-in.o
                0x0000000081700c64                boot_prep_vxworks
 .text.boot_jump_vxworks
                0x0000000081700ca0       0x10 arch/arm/lib/built-in.o
                0x0000000081700ca0                boot_jump_vxworks
 .text.bootz_setup
                0x0000000081700cb0       0x7c arch/arm/lib/built-in.o
                0x0000000081700cb0                bootz_setup
 .text.arch_reserve_stacks
                0x0000000081700d2c       0x1a arch/arm/lib/built-in.o
                0x0000000081700d2c                arch_reserve_stacks
 *fill*         0x0000000081700d46        0x2 
 .text.interrupt_init
                0x0000000081700d48       0x1c arch/arm/lib/built-in.o
                0x0000000081700d48                interrupt_init
 .text.enable_interrupts
                0x0000000081700d64        0x2 arch/arm/lib/built-in.o
                0x0000000081700d64                enable_interrupts
 .text.disable_interrupts
                0x0000000081700d66        0x4 arch/arm/lib/built-in.o
                0x0000000081700d66                disable_interrupts
 *fill*         0x0000000081700d6a        0x2 
 .text.bad_mode
                0x0000000081700d6c       0x10 arch/arm/lib/built-in.o
                0x0000000081700d6c                bad_mode
 .text.show_regs
                0x0000000081700d7c       0xfc arch/arm/lib/built-in.o
                0x0000000081700d7c                show_regs
 .text.do_undefined_instruction
                0x0000000081700e78       0x28 arch/arm/lib/built-in.o
                0x0000000081700e78                do_undefined_instruction
 .text.do_software_interrupt
                0x0000000081700ea0       0x28 arch/arm/lib/built-in.o
                0x0000000081700ea0                do_software_interrupt
 .text.do_prefetch_abort
                0x0000000081700ec8       0x28 arch/arm/lib/built-in.o
                0x0000000081700ec8                do_prefetch_abort
 .text.do_data_abort
                0x0000000081700ef0       0x28 arch/arm/lib/built-in.o
                0x0000000081700ef0                do_data_abort
 .text.do_not_used
                0x0000000081700f18       0x28 arch/arm/lib/built-in.o
                0x0000000081700f18                do_not_used
 .text.do_fiq   0x0000000081700f40       0x28 arch/arm/lib/built-in.o
                0x0000000081700f40                do_fiq
 .text.do_irq   0x0000000081700f68       0x28 arch/arm/lib/built-in.o
                0x0000000081700f68                do_irq
 .text.reset_misc
                0x0000000081700f90        0x2 arch/arm/lib/built-in.o
                0x0000000081700f90                reset_misc
 *fill*         0x0000000081700f92        0x2 
 .text.do_reset
                0x0000000081700f94       0x28 arch/arm/lib/built-in.o
                0x0000000081700f94                do_reset
 .text.flush_cache
                0x0000000081700fbc        0x8 arch/arm/lib/built-in.o
                0x0000000081700fbc                flush_cache
 .text.check_cache_range
                0x0000000081700fc4       0x34 arch/arm/lib/built-in.o
                0x0000000081700fc4                check_cache_range
 .text.arm_init_before_mmu
                0x0000000081700ff8        0x4 arch/arm/lib/built-in.o
                0x0000000081700ff8                arm_init_before_mmu
 .text.arm_init_domains
                0x0000000081700ffc        0x4 arch/arm/lib/built-in.o
                0x0000000081700ffc                arm_init_domains
 .text.set_section_dcache
                0x0000000081701000       0x14 arch/arm/lib/built-in.o
                0x0000000081701000                set_section_dcache
 .text.dram_bank_mmu_setup
                0x0000000081701014       0x40 arch/arm/lib/built-in.o
                0x0000000081701014                dram_bank_mmu_setup
 .text.icache_disable
                0x0000000081701054       0x14 arch/arm/lib/built-in.o
                0x0000000081701054                icache_disable
 .text.dcache_enable
                0x0000000081701068       0x64 arch/arm/lib/built-in.o
                0x0000000081701068                dcache_enable
 .text.dcache_disable
                0x00000000817010cc       0x24 arch/arm/lib/built-in.o
                0x00000000817010cc                dcache_disable
 .text.dcache_status
                0x00000000817010f0       0x10 arch/arm/lib/built-in.o
                0x00000000817010f0                dcache_status
 .text.s_init   0x0000000081701100       0x2e arch/arm/mach-sunxi/built-in.o
                0x0000000081701100                s_init
 *fill*         0x000000008170112e        0x2 
 .text.sunxi_get_boot_device
                0x0000000081701130       0x4c arch/arm/mach-sunxi/built-in.o
                0x0000000081701130                sunxi_get_boot_device
 .text.reset_cpu
                0x000000008170117c       0x1c arch/arm/mach-sunxi/built-in.o
                0x000000008170117c                reset_cpu
 .text.enable_caches
                0x0000000081701198        0xe arch/arm/mach-sunxi/built-in.o
                0x0000000081701198                enable_caches
 .text.clock_init_sec
                0x00000000817011a6        0x4 arch/arm/mach-sunxi/built-in.o
                0x00000000817011a8                clock_init_sec
 .text.clock_init
                0x00000000817011aa        0xe arch/arm/mach-sunxi/built-in.o
                0x00000000817011aa                clock_init
 .text.print_cpuinfo
                0x00000000817011b8       0x10 arch/arm/mach-sunxi/built-in.o
                0x00000000817011b8                print_cpuinfo
 .text.sunxi_get_sid
                0x00000000817011c8       0x2c arch/arm/mach-sunxi/built-in.o
                0x00000000817011c8                sunxi_get_sid
 .text.sunxi_gpio_set_cfgbank
                0x00000000817011f4       0x20 arch/arm/mach-sunxi/built-in.o
                0x00000000817011f4                sunxi_gpio_set_cfgbank
 .text.sunxi_gpio_set_cfgpin
                0x0000000081701214       0x2c arch/arm/mach-sunxi/built-in.o
                0x0000000081701214                sunxi_gpio_set_cfgpin
 .text.sunxi_gpio_get_cfgbank
                0x0000000081701240       0x18 arch/arm/mach-sunxi/built-in.o
                0x0000000081701240                sunxi_gpio_get_cfgbank
 .text.sunxi_gpio_set_drv
                0x0000000081701258       0x40 arch/arm/mach-sunxi/built-in.o
                0x0000000081701258                sunxi_gpio_set_drv
 .text.sunxi_gpio_set_pull
                0x0000000081701298       0x40 arch/arm/mach-sunxi/built-in.o
                0x0000000081701298                sunxi_gpio_set_pull
 .text.sunxi_usb_phy_probe
                0x00000000817012d8       0xa0 arch/arm/mach-sunxi/built-in.o
                0x00000000817012d8                sunxi_usb_phy_probe
 .text.clock_init_uart
                0x0000000081701378       0x44 arch/arm/mach-sunxi/built-in.o
                0x0000000081701378                clock_init_uart
 .text.clock_get_pll6
                0x00000000817013bc       0x28 arch/arm/mach-sunxi/built-in.o
                0x00000000817013bc                clock_get_pll6
 .text.setup_environment
                0x00000000817013e4       0xe0 board/sunxi/built-in.o
 .text.i2c_init_board
                0x00000000817014c4        0x2 board/sunxi/built-in.o
                0x00000000817014c4                i2c_init_board
 *fill*         0x00000000817014c6        0x2 
 .text.board_init
                0x00000000817014c8       0x6c board/sunxi/built-in.o
                0x00000000817014c8                board_init
 .text.dram_init
                0x0000000081701534       0x1a board/sunxi/built-in.o
                0x0000000081701534                dram_init
 .text.board_mmc_init
                0x000000008170154e       0x3a board/sunxi/built-in.o
                0x000000008170154e                board_mmc_init
 .text.get_board_serial
                0x0000000081701588       0x2c board/sunxi/built-in.o
                0x0000000081701588                get_board_serial
 .text.misc_init_r
                0x00000000817015b4       0xc4 board/sunxi/built-in.o
                0x00000000817015b4                misc_init_r
 .text.ft_board_setup
                0x0000000081701678       0x10 board/sunxi/built-in.o
                0x0000000081701678                ft_board_setup
 .text.do_go_exec
                0x0000000081701688        0xc cmd/built-in.o
                0x0000000081701688                do_go_exec
 .text.do_go    0x0000000081701694       0x48 cmd/built-in.o
 .text.do_bootm
                0x00000000817016dc       0xac cmd/built-in.o
                0x00000000817016dc                do_bootm
 .text.do_bootd
                0x0000000081701788       0x20 cmd/built-in.o
                0x0000000081701788                do_bootd
 .text.image_info
                0x00000000817017a8       0xb0 cmd/built-in.o
 .text.do_iminfo
                0x0000000081701858       0x48 cmd/built-in.o
 .text.bootm_maybe_autostart
                0x00000000817018a0       0x58 cmd/built-in.o
                0x00000000817018a0                bootm_maybe_autostart
 .text.do_help  0x00000000817018f8       0x30 cmd/built-in.o
 .text.do_version
                0x0000000081701928       0x2c cmd/built-in.o
 .text.blk_common_cmd
                0x0000000081701954      0x1ec cmd/built-in.o
                0x0000000081701954                blk_common_cmd
 .text.source   0x0000000081701b40       0xcc cmd/built-in.o
                0x0000000081701b40                source
 .text.do_source
                0x0000000081701c0c       0x30 cmd/built-in.o
 .text.print_num
                0x0000000081701c3c       0x18 cmd/built-in.o
 .text.do_bdinfo
                0x0000000081701c54       0xd4 cmd/built-in.o
 .text.efi_init_obj_list
                0x0000000081701d28       0x30 cmd/built-in.o
 .text.do_bootefi_exec
                0x0000000081701d58      0x310 cmd/built-in.o
 .text.do_bootefi
                0x0000000081702068       0xd4 cmd/built-in.o
 .text.efi_set_bootdev
                0x000000008170213c       0xc0 cmd/built-in.o
                0x000000008170213c                efi_set_bootdev
 .text.do_bootz
                0x00000000817021fc       0x9c cmd/built-in.o
                0x00000000817021fc                do_bootz
 .text.do_coninfo
                0x0000000081702298       0x74 cmd/built-in.o
 .text.do_echo  0x000000008170230c       0x70 cmd/built-in.o
 .text.load_elf_image_shdr
                0x000000008170237c       0x50 cmd/built-in.o
 .text.valid_elf_image
                0x00000000817023cc       0x2c cmd/built-in.o
                0x00000000817023cc                valid_elf_image
 .text.do_bootelf
                0x00000000817023f8      0x118 cmd/built-in.o
                0x00000000817023f8                do_bootelf
 .text.do_bootvx
                0x0000000081702510      0x260 cmd/built-in.o
                0x0000000081702510                do_bootvx
 .text.do_exit  0x0000000081702770       0x1a cmd/built-in.o
 .text.do_ext4_size
                0x000000008170278a        0xc cmd/built-in.o
                0x000000008170278a                do_ext4_size
 .text.do_ext4_load
                0x0000000081702796        0xc cmd/built-in.o
                0x0000000081702796                do_ext4_load
 .text.do_ext4_ls
                0x00000000817027a2        0xc cmd/built-in.o
                0x00000000817027a2                do_ext4_ls
 .text.do_ext2load
                0x00000000817027ae        0xc cmd/built-in.o
                0x00000000817027ae                do_ext2load
 .text.do_ext2ls
                0x00000000817027ba        0xc cmd/built-in.o
 .text.do_fat_size
                0x00000000817027c6        0xc cmd/built-in.o
                0x00000000817027c6                do_fat_size
 .text.do_fat_fsload
                0x00000000817027d2        0xc cmd/built-in.o
                0x00000000817027d2                do_fat_fsload
 .text.do_fat_ls
                0x00000000817027de        0xc cmd/built-in.o
 *fill*         0x00000000817027ea        0x2 
 .text.do_fat_fswrite
                0x00000000817027ec       0xb4 cmd/built-in.o
 .text.do_fat_fsinfo
                0x00000000817028a0       0x58 cmd/built-in.o
 .text.fdt_valid
                0x00000000817028f8       0xc0 cmd/built-in.o
 .text.is_printable_string
                0x00000000817029b8       0x50 cmd/built-in.o
 .text.print_data
                0x0000000081702a08      0x114 cmd/built-in.o
 .text.set_working_fdt_addr
                0x0000000081702b1c       0x20 cmd/built-in.o
                0x0000000081702b1c                set_working_fdt_addr
 .text.do_fdt   0x0000000081702b3c      0xbd4 cmd/built-in.o
 .text.do_flinfo
                0x0000000081703710        0x4 cmd/built-in.o
 .text.do_protect
                0x0000000081703714        0xe cmd/built-in.o
 .text.do_flerase
                0x0000000081703722        0x4 cmd/built-in.o
 .text.do_size_wrapper
                0x0000000081703726        0xc cmd/built-in.o
 *fill*         0x0000000081703732        0x2 
 .text.do_load_wrapper
                0x0000000081703734       0x3c cmd/built-in.o
 .text.do_save_wrapper
                0x0000000081703770        0xc cmd/built-in.o
 .text.do_ls_wrapper
                0x000000008170377c        0xc cmd/built-in.o
 .text.do_fstype_wrapper
                0x0000000081703788        0x8 cmd/built-in.o
 .text.gpio_get_description
                0x0000000081703790       0x84 cmd/built-in.o
 .text.do_gpio  0x0000000081703814      0x228 cmd/built-in.o
 .text.evalexp  0x0000000081703a3c       0x48 cmd/built-in.o
 .text.evalstr  0x0000000081703a84       0x40 cmd/built-in.o
 .text.binary_test
                0x0000000081703ac4      0x104 cmd/built-in.o
 .text.do_itest
                0x0000000081703bc8       0x4c cmd/built-in.o
 .text.bin_data_init
                0x0000000081703c14       0x1c cmd/built-in.o
 .text.k_data_save
                0x0000000081703c30       0x34 cmd/built-in.o
 .text.k_data_restore
                0x0000000081703c64       0x34 cmd/built-in.o
 .text.getcxmodem
                0x0000000081703c98       0x1c cmd/built-in.o
 .text.load_serial_ymodem
                0x0000000081703cb4       0xa0 cmd/built-in.o
 .text.bin_data_char
                0x0000000081703d54       0x1c cmd/built-in.o
 .text.chk1.constprop.2
                0x0000000081703d70       0x24 cmd/built-in.o
 .text.s1_sendpacket.constprop.3
                0x0000000081703d94       0x40 cmd/built-in.o
 .text.load_serial
                0x0000000081703dd4      0x150 cmd/built-in.o
 .text.do_load_serial
                0x0000000081703f24       0x9c cmd/built-in.o
 .text.do_load_serial_bin
                0x0000000081703fc0      0x530 cmd/built-in.o
 .text.do_mem_mw
                0x00000000817044f0       0x84 cmd/built-in.o
 .text.do_mem_loop
                0x0000000081704574       0x86 cmd/built-in.o
 *fill*         0x00000000817045fa        0x2 
 .text.do_mem_md
                0x00000000817045fc       0xa4 cmd/built-in.o
 .text.do_mem_cmp
                0x00000000817046a0       0xe8 cmd/built-in.o
 .text.do_mem_base
                0x0000000081704788       0x30 cmd/built-in.o
 .text.do_mem_cp
                0x00000000817047b8       0x84 cmd/built-in.o
 .text.mod_mem.isra.0
                0x000000008170483c       0xec cmd/built-in.o
 .text.do_mem_mm
                0x0000000081704928       0x12 cmd/built-in.o
 .text.do_mem_nm
                0x000000008170493a       0x12 cmd/built-in.o
 .text.extract_range
                0x000000008170494c       0x2c cmd/built-in.o
 .text.do_mii   0x0000000081704978      0x640 cmd/built-in.o
 .text.do_mmcops
                0x0000000081704fb8       0x6c cmd/built-in.o
 .text.init_mmc_device
                0x0000000081705024       0x38 cmd/built-in.o
 .text.do_mmc_rescan
                0x000000008170505c       0x18 cmd/built-in.o
 .text.do_mmc_hwpartition
                0x0000000081705074      0x35c cmd/built-in.o
 .text.do_mmc_list
                0x00000000817053d0        0xc cmd/built-in.o
 .text.do_mmc_dev
                0x00000000817053dc       0xc4 cmd/built-in.o
 .text.do_mmc_read
                0x00000000817054a0       0x90 cmd/built-in.o
 .text.do_mmc_erase
                0x0000000081705530       0x9c cmd/built-in.o
 .text.do_mmc_write
                0x00000000817055cc       0xa8 cmd/built-in.o
 .text.do_mmcinfo
                0x0000000081705674      0x2b0 cmd/built-in.o
 .text.do_mmc_setdsr
                0x0000000081705924       0x70 cmd/built-in.o
 .text.do_mmc_part
                0x0000000081705994       0x40 cmd/built-in.o
 .text.netboot_common
                0x00000000817059d4      0x1b4 cmd/built-in.o
 .text.do_bootp
                0x0000000081705b88        0xc cmd/built-in.o
 .text.do_dhcp  0x0000000081705b94        0xc cmd/built-in.o
 .text.do_nfs   0x0000000081705ba0        0xc cmd/built-in.o
 .text.do_tftpb
                0x0000000081705bac       0x26 cmd/built-in.o
                0x0000000081705bac                do_tftpb
 *fill*         0x0000000081705bd2        0x2 
 .text.do_ping  0x0000000081705bd4       0x48 cmd/built-in.o
 .text.do_part_list
                0x0000000081705c1c       0xfc cmd/built-in.o
 .text.do_part_start
                0x0000000081705d18       0x88 cmd/built-in.o
 .text.do_part_size
                0x0000000081705da0       0x88 cmd/built-in.o
 .text.do_part  0x0000000081705e28       0xb4 cmd/built-in.o
 .text.eol_or_eof
                0x0000000081705edc       0x14 cmd/built-in.o
 .text.do_pxe   0x0000000081705ef0       0x40 cmd/built-in.o
 .text.label_print
                0x0000000081705f30       0x18 cmd/built-in.o
 .text.do_get_tftp
                0x0000000081705f48       0x2c cmd/built-in.o
 .text.from_env
                0x0000000081705f74       0x1c cmd/built-in.o
 .text.get_string
                0x0000000081705f90       0x7c cmd/built-in.o
 .text.label_destroy
                0x000000008170600c       0x48 cmd/built-in.o
 .text.destroy_pxe_menu
                0x0000000081706054       0x38 cmd/built-in.o
 .text.get_token
                0x000000008170608c       0x98 cmd/built-in.o
 .text.parse_sliteral
                0x0000000081706124       0x34 cmd/built-in.o
 .text.parse_integer
                0x0000000081706158       0x44 cmd/built-in.o
 .text.do_get_any
                0x000000008170619c       0x2c cmd/built-in.o
 .text.do_get_fat
                0x00000000817061c8       0x28 cmd/built-in.o
 .text.do_get_ext2
                0x00000000817061f0       0x28 cmd/built-in.o
 .text.format_mac_pxe.constprop.6
                0x0000000081706218       0x4c cmd/built-in.o
 .text.get_relfile
                0x0000000081706264       0xc0 cmd/built-in.o
 .text.get_pxe_file
                0x0000000081706324       0x3c cmd/built-in.o
 .text.handle_include
                0x0000000081706360       0x64 cmd/built-in.o
 .text.parse_pxefile_top
                0x00000000817063c4      0x2ac cmd/built-in.o
 .text.parse_pxefile
                0x0000000081706670       0x40 cmd/built-in.o
 .text.get_pxelinux_path
                0x00000000817066b0       0x54 cmd/built-in.o
 .text.do_pxe_get
                0x0000000081706704       0xf8 cmd/built-in.o
 .text.get_relfile_envaddr
                0x00000000817067fc       0x32 cmd/built-in.o
 *fill*         0x000000008170682e        0x2 
 .text.label_boot
                0x0000000081706830      0x3b4 cmd/built-in.o
 .text.handle_pxe_menu
                0x0000000081706be4       0xd8 cmd/built-in.o
 .text.do_pxe_boot
                0x0000000081706cbc       0x94 cmd/built-in.o
 .text.do_sysboot
                0x0000000081706d50      0x148 cmd/built-in.o
 .text.get_arg  0x0000000081706e98       0x32 cmd/built-in.o
 *fill*         0x0000000081706eca        0x2 
 .text.do_setexpr
                0x0000000081706ecc       0xb8 cmd/built-in.o
 .text.do_false
                0x0000000081706f84        0x4 cmd/built-in.o
 .text.do_true  0x0000000081706f88        0x4 cmd/built-in.o
 .text.do_test  0x0000000081706f8c      0x1f8 cmd/built-in.o
 .text.usb_get_class_desc
                0x0000000081707184       0x68 cmd/built-in.o
 .text.usb_display_class_sub
                0x00000000817071ec       0xf8 cmd/built-in.o
 .text.usb_display_desc
                0x00000000817072e4       0xf8 cmd/built-in.o
 .text.usb_show_tree_graph
                0x00000000817073dc      0x194 cmd/built-in.o
 .text.usb_show_subtree
                0x0000000081707570       0x24 cmd/built-in.o
 .text.usb_for_each_root_dev
                0x0000000081707594       0x4a cmd/built-in.o
 *fill*         0x00000000817075de        0x2 
 .text.usb_display_string
                0x00000000817075e0       0x34 cmd/built-in.o
 .text.usb_display_config
                0x0000000081707614      0x1ac cmd/built-in.o
 .text.usb_show_info
                0x00000000817077c0       0x5c cmd/built-in.o
 .text.usb_find_device
                0x000000008170781c       0x74 cmd/built-in.o
 .text.do_usbboot
                0x0000000081707890       0x18 cmd/built-in.o
 .text.do_usb_start
                0x00000000817078a8       0x28 cmd/built-in.o
 .text.usb_show_tree
                0x00000000817078d0       0x14 cmd/built-in.o
                0x00000000817078d0                usb_show_tree
 .text.do_usb   0x00000000817078e4      0x2ac cmd/built-in.o
 .text.common_diskboot
                0x0000000081707b90      0x184 cmd/built-in.o
                0x0000000081707b90                common_diskboot
 .text.do_imgextract
                0x0000000081707d14      0x1cc cmd/built-in.o
 .text.extract_val
                0x0000000081707ee0       0x58 cmd/built-in.o
 .text.extract_env
                0x0000000081707f38       0x9c cmd/built-in.o
 .text.set_gpt_info.isra.0.constprop.1
                0x0000000081707fd4      0x32c cmd/built-in.o
 .text.do_gpt   0x0000000081708300      0x238 cmd/built-in.o
 .text.do_env_delete
                0x0000000081708538       0x68 cmd/built-in.o
 .text.do_env_exists
                0x00000000817085a0       0x3c cmd/built-in.o
 .text.do_env_save
                0x00000000817085dc       0x24 cmd/built-in.o
 .text.do_env   0x0000000081708600       0x44 cmd/built-in.o
 .text.env_print
                0x0000000081708644       0x80 cmd/built-in.o
 .text.do_env_print
                0x00000000817086c4       0x84 cmd/built-in.o
 .text.do_env_import
                0x0000000081708748      0x188 cmd/built-in.o
 .text.do_env_default
                0x00000000817088d0       0x60 cmd/built-in.o
 .text._do_env_set.isra.0
                0x0000000081708930      0x124 cmd/built-in.o
 .text.do_env_set
                0x0000000081708a54       0x20 cmd/built-in.o
 .text.get_env_id
                0x0000000081708a74        0xc cmd/built-in.o
                0x0000000081708a74                get_env_id
 .text.env_set  0x0000000081708a80       0x44 cmd/built-in.o
                0x0000000081708a80                env_set
 .text.env_set_ulong
                0x0000000081708ac4       0x1c cmd/built-in.o
                0x0000000081708ac4                env_set_ulong
 .text.env_set_hex
                0x0000000081708ae0       0x28 cmd/built-in.o
                0x0000000081708ae0                env_set_hex
 .text.do_env_export
                0x0000000081708b08      0x154 cmd/built-in.o
 .text.envmatch
                0x0000000081708c5c       0x44 cmd/built-in.o
                0x0000000081708c5c                envmatch
 .text.env_get_f
                0x0000000081708ca0       0x94 cmd/built-in.o
                0x0000000081708ca0                env_get_f
 .text.env_get  0x0000000081708d34       0x58 cmd/built-in.o
                0x0000000081708d34                env_get
 .text.env_get_hex
                0x0000000081708d8c       0x2c cmd/built-in.o
                0x0000000081708d8c                env_get_hex
 .text.env_get_ulong
                0x0000000081708db8       0x24 cmd/built-in.o
                0x0000000081708db8                env_get_ulong
 .text.do_env_edit.part.3
                0x0000000081708ddc       0x80 cmd/built-in.o
 .text.do_env_edit
                0x0000000081708e5c       0x26 cmd/built-in.o
 *fill*         0x0000000081708e82        0x2 
 .text.board_init_f_alloc_reserve
                0x0000000081708e84       0x10 common/built-in.o
                0x0000000081708e84                board_init_f_alloc_reserve
 .text.board_init_f_init_reserve
                0x0000000081708e94       0x1e common/built-in.o
                0x0000000081708e94                board_init_f_init_reserve
 .text.show_boot_progress
                0x0000000081708eb2        0x4 common/built-in.o
                0x0000000081708eb2                show_boot_progress
 *fill*         0x0000000081708eb6        0x2 
 .text.main_loop
                0x0000000081708eb8       0x54 common/built-in.o
                0x0000000081708eb8                main_loop
 .text.mdelay   0x0000000081708f0c       0x1e common/built-in.o
 .text.dummy    0x0000000081708f2a        0x2 common/built-in.o
 .text.get_version
                0x0000000081708f2c        0x4 common/built-in.o
                0x0000000081708f2c                get_version
 .text.jumptable_init
                0x0000000081708f30      0x130 common/built-in.o
                0x0000000081708f30                jumptable_init
 .text.b_reset  0x0000000081709060       0x10 common/built-in.o
 .text.static_get
                0x0000000081709070       0x10 common/built-in.o
 .text.static_peek
                0x0000000081709080        0x6 common/built-in.o
 *fill*         0x0000000081709086        0x2 
 .text.mapset   0x0000000081709088       0x14 common/built-in.o
 .text.syntax_err
                0x000000008170909c       0x14 common/built-in.o
 .text.free_pipe_list
                0x00000000817090b0       0x8c common/built-in.o
 .text.xmalloc  0x000000008170913c       0x20 common/built-in.o
 .text.new_pipe
                0x000000008170915c       0x1c common/built-in.o
 .text.xrealloc
                0x0000000081709178       0x20 common/built-in.o
 .text.done_command
                0x0000000081709198       0x54 common/built-in.o
 .text.done_pipe
                0x00000000817091ec       0x32 common/built-in.o
 *fill*         0x000000008170921e        0x2 
 .text.done_word
                0x0000000081709220      0x1cc common/built-in.o
 .text.is_assignment
                0x00000000817093ec       0x34 common/built-in.o
 .text.file_get
                0x0000000081709420      0x128 common/built-in.o
 .text.do_showvar
                0x0000000081709548       0xa8 common/built-in.o
 .text.b_addchr
                0x00000000817095f0       0x4c common/built-in.o
 .text.b_addqchr
                0x000000008170963c       0x38 common/built-in.o
 .text.file_peek
                0x0000000081709674        0x6 common/built-in.o
 *fill*         0x000000008170967a        0x2 
 .text.get_local_var
                0x000000008170967c       0x60 common/built-in.o
                0x000000008170967c                get_local_var
 .text.set_local_var
                0x00000000817096dc      0x118 common/built-in.o
                0x00000000817096dc                set_local_var
 .text.insert_var_value_sub
                0x00000000817097f4      0x1c0 common/built-in.o
 .text.parse_string_outer
                0x00000000817099b4       0x98 common/built-in.o
                0x00000000817099b4                parse_string_outer
 .text.run_list_real
                0x0000000081709a4c      0x4cc common/built-in.o
 .text.parse_stream_outer
                0x0000000081709f18      0x444 common/built-in.o
 .text.parse_file_outer
                0x000000008170a35c       0x30 common/built-in.o
                0x000000008170a35c                parse_file_outer
 .text.u_boot_hush_start
                0x000000008170a38c       0x3c common/built-in.o
                0x000000008170a38c                u_boot_hush_start
 .text.bootdelay_process
                0x000000008170a3c8       0x94 common/built-in.o
                0x000000008170a3c8                bootdelay_process
 .text.autoboot_command
                0x000000008170a45c       0xb0 common/built-in.o
                0x000000008170a45c                autoboot_command
 .text.log_init
                0x000000008170a50c        0x8 common/built-in.o
 .text.display_text_info
                0x000000008170a514        0x4 common/built-in.o
 .text.setup_mon_len
                0x000000008170a518       0x20 common/built-in.o
 .text.arch_cpu_init
                0x000000008170a538        0x4 common/built-in.o
                0x000000008170a538                arch_cpu_init
 .text.reserve_round_4k
                0x000000008170a53c       0x18 common/built-in.o
 .text.reserve_mmu
                0x000000008170a554       0x2c common/built-in.o
                0x000000008170a554                reserve_mmu
 .text.reserve_uboot
                0x000000008170a580       0x20 common/built-in.o
 .text.reserve_malloc
                0x000000008170a5a0       0x1c common/built-in.o
 .text.reserve_global_data
                0x000000008170a5bc       0x1a common/built-in.o
 *fill*         0x000000008170a5d6        0x2 
 .text.reserve_fdt
                0x000000008170a5d8       0x50 common/built-in.o
 .text.dram_init_banksize
                0x000000008170a628       0x20 common/built-in.o
                0x000000008170a628                dram_init_banksize
 .text.setup_reloc
                0x000000008170a648       0x28 common/built-in.o
 .text.reloc_fdt
                0x000000008170a670       0x28 common/built-in.o
 .text.reserve_board
                0x000000008170a698       0x24 common/built-in.o
 .text.announce_dram_init
                0x000000008170a6bc       0x18 common/built-in.o
 .text.init_baud_rate
                0x000000008170a6d4       0x24 common/built-in.o
 .text.initf_dm
                0x000000008170a6f8       0x10 common/built-in.o
 .text.initf_bootstage
                0x000000008170a708       0x12 common/built-in.o
 .text.arch_cpu_init_dm
                0x000000008170a71a        0x4 common/built-in.o
                0x000000008170a71a                arch_cpu_init_dm
 .text.mach_cpu_init
                0x000000008170a71e        0x4 common/built-in.o
                0x000000008170a71e                mach_cpu_init
 .text.reserve_video
                0x000000008170a722        0x4 common/built-in.o
 .text.reserve_trace
                0x000000008170a726        0x4 common/built-in.o
 .text.setup_machine
                0x000000008170a72a        0x4 common/built-in.o
 .text.reserve_bootstage
                0x000000008170a72e        0x4 common/built-in.o
 .text.display_new_sp
                0x000000008170a732        0x4 common/built-in.o
 .text.reloc_bootstage
                0x000000008170a736        0x4 common/built-in.o
 .text.initf_console_record
                0x000000008170a73a        0x4 common/built-in.o
 .text.reserve_arch
                0x000000008170a73e        0x4 common/built-in.o
                0x000000008170a73e                reserve_arch
 .text.coloured_LED_init
                0x000000008170a742        0x2 common/built-in.o
                0x000000008170a742                coloured_LED_init
 .text.red_led_on
                0x000000008170a744        0x2 common/built-in.o
                0x000000008170a744                red_led_on
 .text.board_add_ram_info
                0x000000008170a746        0x2 common/built-in.o
                0x000000008170a746                board_add_ram_info
 .text.show_dram_config
                0x000000008170a748       0x30 common/built-in.o
 .text.board_get_usable_ram_top
                0x000000008170a778       0x18 common/built-in.o
                0x000000008170a778                board_get_usable_ram_top
 .text.setup_dest_addr
                0x000000008170a790       0x30 common/built-in.o
 .text.reserve_stacks
                0x000000008170a7c0       0x1c common/built-in.o
 .text.board_init_f
                0x000000008170a7dc       0x24 common/built-in.o
                0x000000008170a7dc                board_init_f
 .text.initr_trace
                0x000000008170a800        0x4 common/built-in.o
 .text.initr_reloc
                0x000000008170a804       0x1c common/built-in.o
 .text.run_main_loop
                0x000000008170a820        0xa common/built-in.o
 *fill*         0x000000008170a82a        0x2 
 .text.initr_net
                0x000000008170a82c       0x1c common/built-in.o
 .text.initr_ethaddr
                0x000000008170a848       0x1c common/built-in.o
 .text.initr_enable_interrupts
                0x000000008170a864       0x10 common/built-in.o
 .text.initr_jumptable
                0x000000008170a874       0x10 common/built-in.o
 .text.initr_env
                0x000000008170a884       0x50 common/built-in.o
 .text.initr_mmc
                0x000000008170a8d4       0x20 common/built-in.o
 .text.initr_serial
                0x000000008170a8f4       0x10 common/built-in.o
 .text.initr_dm
                0x000000008170a904       0x1a common/built-in.o
 .text.initr_bootstage
                0x000000008170a91e       0x12 common/built-in.o
 .text.initr_malloc
                0x000000008170a930       0x20 common/built-in.o
 .text.initr_reloc_global_data
                0x000000008170a950       0x2c common/built-in.o
 .text.initr_caches
                0x000000008170a97c       0x10 common/built-in.o
 .text.bootstage_relocate
                0x000000008170a98c        0x4 common/built-in.o
 .text.initr_barrier
                0x000000008170a990        0x4 common/built-in.o
 .text.initr_console_record
                0x000000008170a994        0x4 common/built-in.o
 .text.power_init_board
                0x000000008170a998        0x4 common/built-in.o
                0x000000008170a998                power_init_board
 .text.initr_announce
                0x000000008170a99c        0x4 common/built-in.o
 .text.cpu_secondary_init_r
                0x000000008170a9a0        0x2 common/built-in.o
                0x000000008170a9a0                cpu_secondary_init_r
 .text.initr_secondary_cpu
                0x000000008170a9a2       0x10 common/built-in.o
 *fill*         0x000000008170a9b2        0x2 
 .text.board_init_r
                0x000000008170a9b4       0x20 common/built-in.o
                0x000000008170a9b4                board_init_r
 .text.checkboard
                0x000000008170a9d4        0x4 common/built-in.o
                0x000000008170a9d4                checkboard
 .text.show_board_info
                0x000000008170a9d8       0x2c common/built-in.o
                0x000000008170a9d8                show_board_info
 .text.bootm_find_images
                0x000000008170aa04       0x7c common/built-in.o
                0x000000008170aa04                bootm_find_images
 .text.bootm_decomp_image
                0x000000008170aa80       0xe0 common/built-in.o
                0x000000008170aa80                bootm_decomp_image
 .text.bootm_disable_interrupts
                0x000000008170ab60       0x18 common/built-in.o
                0x000000008170ab60                bootm_disable_interrupts
 .text.do_bootm_states
                0x000000008170ab78      0x56c common/built-in.o
                0x000000008170ab78                do_bootm_states
 .text.copy_args
                0x000000008170b0e4       0x3c common/built-in.o
 .text.do_bootm_rtems
                0x000000008170b120       0x34 common/built-in.o
 .text.do_bootm_plan9
                0x000000008170b154       0x74 common/built-in.o
 .text.do_bootm_standalone
                0x000000008170b1c8       0x48 common/built-in.o
 .text.do_bootm_qnxelf
                0x000000008170b210       0x58 common/built-in.o
 .text.do_bootm_netbsd
                0x000000008170b268       0xb4 common/built-in.o
 .text.do_bootvx_fdt
                0x000000008170b31c       0xc8 common/built-in.o
                0x000000008170b31c                do_bootvx_fdt
 .text.do_bootm_vxworks
                0x000000008170b3e4       0x20 common/built-in.o
 .text.arch_preboot_os
                0x000000008170b404        0x2 common/built-in.o
                0x000000008170b404                arch_preboot_os
 .text.boot_selected_os
                0x000000008170b406       0x40 common/built-in.o
                0x000000008170b406                boot_selected_os
 *fill*         0x000000008170b446        0x2 
 .text.bootm_os_get_boot_func
                0x000000008170b448        0xc common/built-in.o
                0x000000008170b448                bootm_os_get_boot_func
 .text.of_bus_default_map
                0x000000008170b454       0xe2 common/built-in.o
 .text.of_bus_default_translate
                0x000000008170b536       0xa2 common/built-in.o
 .text.fdt_support_default_count_cells
                0x000000008170b5d8       0x50 common/built-in.o
                0x000000008170b5d8                fdt_support_default_count_cells
 .text.fdt_find_and_setprop
                0x000000008170b628       0x3e common/built-in.o
                0x000000008170b628                fdt_find_and_setprop
 *fill*         0x000000008170b666        0x2 
 .text.fdt_find_or_add_subnode
                0x000000008170b668       0x40 common/built-in.o
                0x000000008170b668                fdt_find_or_add_subnode
 .text.fdt_root
                0x000000008170b6a8       0x5c common/built-in.o
                0x000000008170b6a8                fdt_root
 .text.fdt_initrd
                0x000000008170b704      0x16c common/built-in.o
                0x000000008170b704                fdt_initrd
 .text.fdt_chosen
                0x000000008170b870       0x94 common/built-in.o
                0x000000008170b870                fdt_chosen
 .text.do_fixup_by_path
                0x000000008170b904       0x30 common/built-in.o
                0x000000008170b904                do_fixup_by_path
 .text.fdt_fixup_memory_banks
                0x000000008170b934      0x1a8 common/built-in.o
                0x000000008170b934                fdt_fixup_memory_banks
 .text.fdt_fixup_memory
                0x000000008170badc       0x12 common/built-in.o
                0x000000008170badc                fdt_fixup_memory
 *fill*         0x000000008170baee        0x2 
 .text.fdt_fixup_ethernet
                0x000000008170baf0      0x108 common/built-in.o
                0x000000008170baf0                fdt_fixup_ethernet
 .text.fdt_shrink_to_minimum
                0x000000008170bbf8       0xb4 common/built-in.o
                0x000000008170bbf8                fdt_shrink_to_minimum
 .text.fdt_translate_address
                0x000000008170bcac      0x1ac common/built-in.o
                0x000000008170bcac                fdt_translate_address
 .text.fdt_overlay_apply_verbose
                0x000000008170be58       0x4c common/built-in.o
                0x000000008170be58                fdt_overlay_apply_verbose
 .text.miiphy_get_dev_by_name
                0x000000008170bea4       0x3c common/built-in.o
                0x000000008170bea4                miiphy_get_dev_by_name
 .text.miiphy_init
                0x000000008170bee0       0x18 common/built-in.o
                0x000000008170bee0                miiphy_init
 .text.miiphy_set_current_dev
                0x000000008170bef8       0x30 common/built-in.o
                0x000000008170bef8                miiphy_set_current_dev
 .text.miiphy_get_active_dev
                0x000000008170bf28       0x38 common/built-in.o
 .text.miiphy_get_current_dev
                0x000000008170bf60       0x14 common/built-in.o
                0x000000008170bf60                miiphy_get_current_dev
 .text.miiphy_read
                0x000000008170bf74       0x32 common/built-in.o
                0x000000008170bf74                miiphy_read
 .text.miiphy_write
                0x000000008170bfa6       0x32 common/built-in.o
                0x000000008170bfa6                miiphy_write
 .text.miiphy_listdev
                0x000000008170bfd8       0x58 common/built-in.o
                0x000000008170bfd8                miiphy_listdev
 .text.miiphy_info
                0x000000008170c030       0x68 common/built-in.o
                0x000000008170c030                miiphy_info
 .text.miiphy_speed
                0x000000008170c098       0x94 common/built-in.o
                0x000000008170c098                miiphy_speed
 .text.miiphy_duplex
                0x000000008170c12c       0x90 common/built-in.o
                0x000000008170c12c                miiphy_duplex
 .text.miiphy_is_1000base_x
                0x000000008170c1bc        0x4 common/built-in.o
                0x000000008170c1bc                miiphy_is_1000base_x
 .text.usb_set_maxpacket_ep
                0x000000008170c1c0       0x68 common/built-in.o
 .text.usb_submit_int_msg
                0x000000008170c228       0x18 common/built-in.o
                0x000000008170c228                usb_submit_int_msg
 .text.usb_control_msg
                0x000000008170c240       0x88 common/built-in.o
                0x000000008170c240                usb_control_msg
 .text.usb_get_descriptor
                0x000000008170c2c8       0x48 common/built-in.o
 .text.get_descriptor_len
                0x000000008170c310       0x70 common/built-in.o
 .text.usb_setup_descriptor
                0x000000008170c380       0x90 common/built-in.o
 .text.usb_get_string
                0x000000008170c410       0x58 common/built-in.o
 .text.usb_string_sub
                0x000000008170c468       0xa8 common/built-in.o
 .text.usb_bulk_msg
                0x000000008170c510       0x5c common/built-in.o
                0x000000008170c510                usb_bulk_msg
 .text.usb_maxpacket
                0x000000008170c56c       0x16 common/built-in.o
                0x000000008170c56c                usb_maxpacket
 .text.usb_clear_halt
                0x000000008170c582       0x64 common/built-in.o
                0x000000008170c582                usb_clear_halt
 *fill*         0x000000008170c5e6        0x2 
 .text.usb_get_configuration_len
                0x000000008170c5e8       0x5c common/built-in.o
                0x000000008170c5e8                usb_get_configuration_len
 .text.usb_get_configuration_no
                0x000000008170c644       0x28 common/built-in.o
                0x000000008170c644                usb_get_configuration_no
 .text.usb_set_interface
                0x000000008170c66c       0x94 common/built-in.o
                0x000000008170c66c                usb_set_interface
 .text.usb_set_protocol
                0x000000008170c700       0x3e common/built-in.o
                0x000000008170c700                usb_set_protocol
 .text.usb_set_idle
                0x000000008170c73e       0x42 common/built-in.o
                0x000000008170c73e                usb_set_idle
 .text.usb_string
                0x000000008170c780       0xb8 common/built-in.o
                0x000000008170c780                usb_string
 .text.usb_select_config
                0x000000008170c838      0x350 common/built-in.o
                0x000000008170c838                usb_select_config
 .text.usb_setup_device
                0x000000008170cb88       0xb8 common/built-in.o
                0x000000008170cb88                usb_setup_device
 .text.usb_device_has_child_on_port
                0x000000008170cc40        0x4 common/built-in.o
                0x000000008170cc40                usb_device_has_child_on_port
 .text.usb_set_port_feature
                0x000000008170cc44       0x3e common/built-in.o
 .text.usb_clear_port_feature
                0x000000008170cc82       0x3e common/built-in.o
 .text.usb_get_hub_descriptor
                0x000000008170ccc0       0x4c common/built-in.o
 .text.usb_hub_reset_devices
                0x000000008170cd0c        0x2 common/built-in.o
                0x000000008170cd0c                usb_hub_reset_devices
 .text.usb_hub_is_root_hub
                0x000000008170cd0e       0x16 common/built-in.o
                0x000000008170cd0e                usb_hub_is_root_hub
 .text.usb_get_port_status
                0x000000008170cd24       0x88 common/built-in.o
                0x000000008170cd24                usb_get_port_status
 .text.usb_hub_port_connect_change
                0x000000008170cdac      0x110 common/built-in.o
                0x000000008170cdac                usb_hub_port_connect_change
 .text.usb_hub_configure
                0x000000008170cebc      0x438 common/built-in.o
 .text.usb_hub_scan
                0x000000008170d2f4       0x12 common/built-in.o
                0x000000008170d2f4                usb_hub_scan
 .text.usb_hub_post_probe
                0x000000008170d306        0xe common/built-in.o
 .text.usb_stor_irq
                0x000000008170d314       0x14 common/built-in.o
 .text.usb_stor_BBB_reset
                0x000000008170d328       0xc8 common/built-in.o
 .text.usb_stor_CB_reset
                0x000000008170d3f0       0xa0 common/built-in.o
 .text.usb_stor_BBB_clear_endpt_stall.isra.0
                0x000000008170d490       0x38 common/built-in.o
 .text.usb_stor_BBB_transport
                0x000000008170d4c8      0x1e4 common/built-in.o
 .text.usb_stor_CB_comdat
                0x000000008170d6ac      0x168 common/built-in.o
 .text.usb_stor_CBI_get_status.isra.2
                0x000000008170d814       0x94 common/built-in.o
 .text.usb_stor_CB_transport
                0x000000008170d8a8      0x170 common/built-in.o
 .text.usb_request_sense.constprop.11
                0x000000008170da18       0x50 common/built-in.o
 .text.usb_stor_read
                0x000000008170da68      0x114 common/built-in.o
 .text.usb_stor_write
                0x000000008170db7c      0x114 common/built-in.o
 .text.usb_stor_info
                0x000000008170dc90       0x50 common/built-in.o
                0x000000008170dc90                usb_stor_info
 .text.usb_stor_reset
                0x000000008170dce0        0xc common/built-in.o
                0x000000008170dce0                usb_stor_reset
 .text.usb_stor_scan
                0x000000008170dcec       0x34 common/built-in.o
                0x000000008170dcec                usb_stor_scan
 .text.usb_storage_probe
                0x000000008170dd20      0x1ac common/built-in.o
                0x000000008170dd20                usb_storage_probe
 .text.usb_stor_get_info
                0x000000008170decc      0x278 common/built-in.o
                0x000000008170decc                usb_stor_get_info
 .text.usb_mass_storage_probe
                0x000000008170e144      0x144 common/built-in.o
 .text.menu_display_statusline
                0x000000008170e288        0x2 common/built-in.o
                0x000000008170e288                menu_display_statusline
 .text.menu_default_set
                0x000000008170e28a       0x46 common/built-in.o
                0x000000008170e28a                menu_default_set
 .text.menu_get_choice
                0x000000008170e2d0      0x128 common/built-in.o
                0x000000008170e2d0                menu_get_choice
 .text.menu_item_add
                0x000000008170e3f8       0x7a common/built-in.o
                0x000000008170e3f8                menu_item_add
 .text.menu_create
                0x000000008170e472       0x50 common/built-in.o
                0x000000008170e472                menu_create
 .text.menu_destroy
                0x000000008170e4c2       0x44 common/built-in.o
                0x000000008170e4c2                menu_destroy
 *fill*         0x000000008170e506        0x2 
 .text.usb_kbd_remove
                0x000000008170e508       0x5c common/built-in.o
 .text.usb_kbd_translate.part.0
                0x000000008170e564       0xd8 common/built-in.o
 .text.usb_kbd_probe
                0x000000008170e63c      0x164 common/built-in.o
 .text.usb_kbd_irq_worker
                0x000000008170e7a0      0x14e common/built-in.o
 *fill*         0x000000008170e8ee        0x2 
 .text.usb_kbd_getc
                0x000000008170e8f0       0x58 common/built-in.o
 .text.usb_kbd_testc
                0x000000008170e948       0x70 common/built-in.o
 .text.usb_kbd_irq
                0x000000008170e9b8       0x30 common/built-in.o
 .text.delete_char.part.0
                0x000000008170e9e8       0x80 common/built-in.o
 .text.cread_add_char
                0x000000008170ea68       0x88 common/built-in.o
 .text.cli_readline_into_buffer
                0x000000008170eaf0      0x640 common/built-in.o
                0x000000008170eaf0                cli_readline_into_buffer
 .text.cli_readline
                0x000000008170f130       0x18 common/built-in.o
                0x000000008170f130                cli_readline
 .text.cli_simple_process_macros
                0x000000008170f148      0x11c common/built-in.o
                0x000000008170f148                cli_simple_process_macros
 .text.console_setfile
                0x000000008170f264       0x78 common/built-in.o
 .text.pre_console_putc
                0x000000008170f2dc       0x1c common/built-in.o
 .text.fgetc    0x000000008170f2f8       0x24 common/built-in.o
                0x000000008170f2f8                fgetc
 .text.getc     0x000000008170f31c       0x26 common/built-in.o
                0x000000008170f31c                getc
 *fill*         0x000000008170f342        0x2 
 .text.ftstc    0x000000008170f344       0x24 common/built-in.o
                0x000000008170f344                ftstc
 .text.tstc     0x000000008170f368       0x26 common/built-in.o
                0x000000008170f368                tstc
 *fill*         0x000000008170f38e        0x2 
 .text.fputc    0x000000008170f390       0x1c common/built-in.o
                0x000000008170f390                fputc
 .text.putc     0x000000008170f3ac       0x36 common/built-in.o
                0x000000008170f3ac                putc
 *fill*         0x000000008170f3e2        0x2 
 .text.fputs    0x000000008170f3e4       0x1c common/built-in.o
                0x000000008170f3e4                fputs
 .text.puts     0x000000008170f400       0x4a common/built-in.o
                0x000000008170f400                puts
 *fill*         0x000000008170f44a        0x2 
 .text.print_pre_console_buffer
                0x000000008170f44c       0x98 common/built-in.o
 .text.ctrlc    0x000000008170f4e4       0x40 common/built-in.o
                0x000000008170f4e4                ctrlc
 .text.disable_ctrlc
                0x000000008170f524       0x10 common/built-in.o
                0x000000008170f524                disable_ctrlc
 .text.had_ctrlc
                0x000000008170f534        0xc common/built-in.o
                0x000000008170f534                had_ctrlc
 .text.clear_ctrlc
                0x000000008170f540        0xc common/built-in.o
                0x000000008170f540                clear_ctrlc
 .text.search_device
                0x000000008170f54c       0x24 common/built-in.o
                0x000000008170f54c                search_device
 .text.console_assign
                0x000000008170f570       0x30 common/built-in.o
                0x000000008170f570                console_assign
 .text.on_console
                0x000000008170f5a0       0x80 common/built-in.o
 .text.console_init_f
                0x000000008170f620       0x1a common/built-in.o
                0x000000008170f620                console_init_f
 *fill*         0x000000008170f63a        0x2 
 .text.stdio_print_current_devices
                0x000000008170f63c       0x84 common/built-in.o
                0x000000008170f63c                stdio_print_current_devices
 .text.console_init_r
                0x000000008170f6c0       0xa0 common/built-in.o
                0x000000008170f6c0                console_init_r
 .text.sbrk     0x000000008170f760       0x48 common/built-in.o
                0x000000008170f760                sbrk
 .text.mem_malloc_init
                0x000000008170f7a8       0x2c common/built-in.o
                0x000000008170f7a8                mem_malloc_init
 .text.malloc_trim
                0x000000008170f7d4       0x8c common/built-in.o
                0x000000008170f7d4                malloc_trim
 .text.free     0x000000008170f860      0x164 common/built-in.o
                0x000000008170f860                free
 .text.malloc   0x000000008170f9c4      0x434 common/built-in.o
                0x000000008170f9c4                malloc
 .text.calloc   0x000000008170fdf8       0xbc common/built-in.o
                0x000000008170fdf8                calloc
 .text.realloc  0x000000008170feb4      0x2e8 common/built-in.o
                0x000000008170feb4                realloc
 .text.memalign
                0x000000008171019c      0x102 common/built-in.o
                0x000000008171019c                memalign
 .text.initf_malloc
                0x000000008171029e       0x20 common/built-in.o
                0x000000008171029e                initf_malloc
 .text.malloc_simple
                0x00000000817102be       0x32 common/built-in.o
                0x00000000817102be                malloc_simple
 .text.on_loadaddr
                0x00000000817102f0       0x28 common/built-in.o
 .text.image_check_hcrc
                0x0000000081710318       0x4a common/built-in.o
                0x0000000081710318                image_check_hcrc
 .text.image_check_dcrc
                0x0000000081710362       0x52 common/built-in.o
                0x0000000081710362                image_check_dcrc
 .text.image_multi_count
                0x00000000817103b4       0x12 common/built-in.o
                0x00000000817103b4                image_multi_count
 .text.image_multi_getimg
                0x00000000817103c6       0x94 common/built-in.o
                0x00000000817103c6                image_multi_getimg
 *fill*         0x000000008171045a        0x2 
 .text.env_get_bootm_low
                0x000000008171045c       0x28 common/built-in.o
                0x000000008171045c                env_get_bootm_low
 .text.env_get_bootm_size
                0x0000000081710484       0x4c common/built-in.o
                0x0000000081710484                env_get_bootm_size
 .text.env_get_bootm_mapsize
                0x00000000817104d0       0x28 common/built-in.o
                0x00000000817104d0                env_get_bootm_mapsize
 .text.memmove_wd
                0x00000000817104f8       0x12 common/built-in.o
                0x00000000817104f8                memmove_wd
 *fill*         0x000000008171050a        0x2 
 .text.genimg_print_size
                0x000000008171050c       0x28 common/built-in.o
                0x000000008171050c                genimg_print_size
 .text.get_table_entry
                0x0000000081710534       0x12 common/built-in.o
                0x0000000081710534                get_table_entry
 .text.get_table_entry_name
                0x0000000081710546       0x1c common/built-in.o
                0x0000000081710546                get_table_entry_name
 *fill*         0x0000000081710562        0x2 
 .text.genimg_get_os_name
                0x0000000081710564       0x1c common/built-in.o
                0x0000000081710564                genimg_get_os_name
 .text.genimg_get_arch_name
                0x0000000081710580       0x1c common/built-in.o
                0x0000000081710580                genimg_get_arch_name
 .text.genimg_get_type_name
                0x000000008171059c       0x1c common/built-in.o
                0x000000008171059c                genimg_get_type_name
 .text.genimg_get_comp_name
                0x00000000817105b8       0x1c common/built-in.o
                0x00000000817105b8                genimg_get_comp_name
 .text.image_print_contents
                0x00000000817105d4      0x178 common/built-in.o
                0x00000000817105d4                image_print_contents
 .text.genimg_get_kernel_addr_fit
                0x000000008171074c       0x20 common/built-in.o
                0x000000008171074c                genimg_get_kernel_addr_fit
 .text.genimg_get_kernel_addr
                0x000000008171076c       0x1c common/built-in.o
                0x000000008171076c                genimg_get_kernel_addr
 .text.genimg_get_format
                0x0000000081710788       0x40 common/built-in.o
                0x0000000081710788                genimg_get_format
 .text.genimg_has_config
                0x00000000817107c8        0x4 common/built-in.o
                0x00000000817107c8                genimg_has_config
 .text.boot_get_ramdisk
                0x00000000817107cc      0x1e0 common/built-in.o
                0x00000000817107cc                boot_get_ramdisk
 .text.boot_ramdisk_high
                0x00000000817109ac       0xd4 common/built-in.o
                0x00000000817109ac                boot_ramdisk_high
 .text.boot_get_setup
                0x0000000081710a80        0x6 common/built-in.o
                0x0000000081710a80                boot_get_setup
 .text.image_setup_linux
                0x0000000081710a86       0x42 common/built-in.o
                0x0000000081710a86                image_setup_linux
 .text.fdt_error
                0x0000000081710ac8       0x28 common/built-in.o
 .text.boot_fdt_add_mem_rsv_regions
                0x0000000081710af0       0x60 common/built-in.o
                0x0000000081710af0                boot_fdt_add_mem_rsv_regions
 .text.boot_relocate_fdt
                0x0000000081710b50      0x13c common/built-in.o
                0x0000000081710b50                boot_relocate_fdt
 .text.boot_get_fdt
                0x0000000081710c8c      0x21c common/built-in.o
                0x0000000081710c8c                boot_get_fdt
 .text.ft_verify_fdt
                0x0000000081710ea8        0x4 common/built-in.o
                0x0000000081710ea8                ft_verify_fdt
 .text.image_setup_libfdt
                0x0000000081710eac      0x10c common/built-in.o
                0x0000000081710eac                image_setup_libfdt
 .text.get_ram_size
                0x0000000081710fb8       0x94 common/built-in.o
                0x0000000081710fb8                get_ram_size
 .text.get_effective_memsize
                0x000000008171104c        0xc common/built-in.o
                0x000000008171104c                get_effective_memsize
 .text.nulldev_putc
                0x0000000081711058        0x2 common/built-in.o
 .text.nulldev_puts
                0x000000008171105a        0x2 common/built-in.o
 .text.nulldev_input
                0x000000008171105c        0x4 common/built-in.o
 .text.stdio_serial_tstc
                0x0000000081711060        0xe common/built-in.o
 .text.stdio_serial_getc
                0x000000008171106e        0xe common/built-in.o
 .text.stdio_serial_puts
                0x000000008171107c       0x10 common/built-in.o
 .text.stdio_serial_putc
                0x000000008171108c       0x10 common/built-in.o
 .text.stdio_get_list
                0x000000008171109c        0xc common/built-in.o
                0x000000008171109c                stdio_get_list
 .text.stdio_get_by_name
                0x00000000817110a8       0x3c common/built-in.o
                0x00000000817110a8                stdio_get_by_name
 .text.stdio_clone
                0x00000000817110e4       0x28 common/built-in.o
                0x00000000817110e4                stdio_clone
 .text.stdio_register_dev
                0x000000008171110c       0x3c common/built-in.o
                0x000000008171110c                stdio_register_dev
 .text.stdio_register
                0x0000000081711148       0x10 common/built-in.o
                0x0000000081711148                stdio_register
 .text.stdio_deregister_dev
                0x0000000081711158       0xa4 common/built-in.o
                0x0000000081711158                stdio_deregister_dev
 .text.stdio_init_tables
                0x00000000817111fc       0x14 common/built-in.o
                0x00000000817111fc                stdio_init_tables
 .text.stdio_add_devices
                0x0000000081711210       0xc8 common/built-in.o
                0x0000000081711210                stdio_add_devices
 .text.run_command
                0x00000000817112d8       0x18 common/built-in.o
                0x00000000817112d8                run_command
 .text.run_command_list
                0x00000000817112f0       0x50 common/built-in.o
                0x00000000817112f0                run_command_list
 .text.do_run   0x0000000081711340       0x4c common/built-in.o
                0x0000000081711340                do_run
 .text.cli_process_fdt
                0x000000008171138c       0x38 common/built-in.o
                0x000000008171138c                cli_process_fdt
 .text.cli_secure_boot_cmd
                0x00000000817113c4       0x54 common/built-in.o
                0x00000000817113c4                cli_secure_boot_cmd
 .text.cli_loop
                0x0000000081711418        0xa common/built-in.o
                0x0000000081711418                cli_loop
 .text.cli_init
                0x0000000081711422        0xe common/built-in.o
                0x0000000081711422                cli_init
 .text.find_cmd_tbl
                0x0000000081711430       0x6c common/built-in.o
                0x0000000081711430                find_cmd_tbl
 .text.find_cmd
                0x000000008171149c       0x24 common/built-in.o
                0x000000008171149c                find_cmd
 .text.cmd_usage
                0x00000000817114c0       0x40 common/built-in.o
                0x00000000817114c0                cmd_usage
 .text._do_help
                0x0000000081711500      0x100 common/built-in.o
                0x0000000081711500                _do_help
 .text.var_complete
                0x0000000081711600       0x4c common/built-in.o
                0x0000000081711600                var_complete
 .text.cmd_auto_complete
                0x000000008171164c      0x2dc common/built-in.o
                0x000000008171164c                cmd_auto_complete
 .text.cmd_get_data_size
                0x0000000081711928       0x38 common/built-in.o
                0x0000000081711928                cmd_get_data_size
 .text.cmd_process
                0x0000000081711960       0x98 common/built-in.o
                0x0000000081711960                cmd_process
 .text.cmd_process_error
                0x00000000817119f8       0x18 common/built-in.o
                0x00000000817119f8                cmd_process_error
 .text.hex1_bin
                0x0000000081711a10       0x2c common/built-in.o
 .text.hex2_bin
                0x0000000081711a3c       0x24 common/built-in.o
 .text.srec_decode
                0x0000000081711a60      0x18c common/built-in.o
                0x0000000081711a60                srec_decode
 .text.CYGACC_COMM_IF_GETC_TIMEOUT.isra.0
                0x0000000081711bec       0x34 common/built-in.o
 .text.xyzModem_flush
                0x0000000081711c20       0x10 common/built-in.o
 .text.xyzModem_get_hdr
                0x0000000081711c30      0x180 common/built-in.o
 .text.xyzModem_stream_open
                0x0000000081711db0      0x1ac common/built-in.o
                0x0000000081711db0                xyzModem_stream_open
 .text.xyzModem_stream_read
                0x0000000081711f5c      0x1d8 common/built-in.o
                0x0000000081711f5c                xyzModem_stream_read
 .text.xyzModem_stream_close
                0x0000000081712134       0x4c common/built-in.o
                0x0000000081712134                xyzModem_stream_close
 .text.xyzModem_stream_terminate
                0x0000000081712180       0x70 common/built-in.o
                0x0000000081712180                xyzModem_stream_terminate
 .text.xyzModem_error
                0x00000000817121f0       0x1c common/built-in.o
                0x00000000817121f0                xyzModem_error
 .text.blk_get_dev
                0x000000008171220c       0x24 disk/built-in.o
                0x000000008171220c                blk_get_dev
 .text.dev_print
                0x0000000081712230      0x170 disk/built-in.o
                0x0000000081712230                dev_print
 .text.part_init
                0x00000000817123a0       0x3c disk/built-in.o
                0x00000000817123a0                part_init
 .text.part_print
                0x00000000817123dc       0xc4 disk/built-in.o
                0x00000000817123dc                part_print
 .text.part_get_info
                0x00000000817124a0       0x48 disk/built-in.o
                0x00000000817124a0                part_get_info
 .text.part_get_info_whole_disk
                0x00000000817124e8       0x40 disk/built-in.o
                0x00000000817124e8                part_get_info_whole_disk
 .text.blk_get_device_by_str
                0x0000000081712528       0xd4 disk/built-in.o
                0x0000000081712528                blk_get_device_by_str
 .text.blk_get_device_part_str
                0x00000000817125fc      0x24c disk/built-in.o
                0x00000000817125fc                blk_get_device_part_str
 .text.part_set_generic_name
                0x0000000081712848       0x3c disk/built-in.o
                0x0000000081712848                part_set_generic_name
 .text.test_block_type
                0x0000000081712884       0x58 disk/built-in.o
 .text.print_partition_extended
                0x00000000817128dc      0x1ac disk/built-in.o
 .text.part_print_dos
                0x0000000081712a88       0x20 disk/built-in.o
                0x0000000081712a88                part_print_dos
 .text.part_test_dos
                0x0000000081712aa8       0x52 disk/built-in.o
 *fill*         0x0000000081712afa        0x2 
 .text.part_get_info_extended
                0x0000000081712afc      0x20c disk/built-in.o
 .text.part_get_info_dos
                0x0000000081712d08       0x18 disk/built-in.o
                0x0000000081712d08                part_get_info_dos
 .text.iso_dread
                0x0000000081712d20       0x26 disk/built-in.o
                0x0000000081712d20                iso_dread
 *fill*         0x0000000081712d46        0x2 
 .text.part_get_info_iso_verb
                0x0000000081712d48      0x26c disk/built-in.o
                0x0000000081712d48                part_get_info_iso_verb
 .text.part_test_iso
                0x0000000081712fb4       0x12 disk/built-in.o
 *fill*         0x0000000081712fc6        0x2 
 .text.part_print_iso
                0x0000000081712fc8       0x60 disk/built-in.o
 .text.part_get_info_iso
                0x0000000081713028        0xa disk/built-in.o
 *fill*         0x0000000081713032        0x2 
 .text.print_efiname
                0x0000000081713034       0x3c disk/built-in.o
 .text.part_test_efi
                0x0000000081713070       0x90 disk/built-in.o
 .text.validate_gpt_entries
                0x0000000081713100       0xa0 disk/built-in.o
 .text.validate_gpt_header
                0x00000000817131a0      0x1b8 disk/built-in.o
 .text.is_gpt_valid
                0x0000000081713358      0x1f0 disk/built-in.o
 .text.is_pte_valid
                0x0000000081713548       0x44 disk/built-in.o
 .text.part_print_efi
                0x000000008171358c      0x228 disk/built-in.o
                0x000000008171358c                part_print_efi
 .text.part_get_info_efi
                0x00000000817137b4      0x188 disk/built-in.o
                0x00000000817137b4                part_get_info_efi
 .text.get_disk_guid
                0x000000008171393c       0xb0 disk/built-in.o
                0x000000008171393c                get_disk_guid
 .text.write_gpt_table
                0x00000000817139ec      0x3cc disk/built-in.o
                0x00000000817139ec                write_gpt_table
 .text.gpt_fill_pte
                0x0000000081713db8      0x2a4 disk/built-in.o
                0x0000000081713db8                gpt_fill_pte
 .text.gpt_fill_header
                0x000000008171405c      0x188 disk/built-in.o
                0x000000008171405c                gpt_fill_header
 .text.gpt_restore
                0x00000000817141e4       0xd4 disk/built-in.o
                0x00000000817141e4                gpt_restore
 .text.gpt_verify_headers
                0x00000000817142b8       0x5c disk/built-in.o
                0x00000000817142b8                gpt_verify_headers
 .text.gpt_verify_partitions
                0x0000000081714314      0x1a8 disk/built-in.o
                0x0000000081714314                gpt_verify_partitions
 .text.device_bind_common.isra.0
                0x00000000817144bc      0x20c drivers/built-in.o
 .text.alloc_priv
                0x00000000817146c8       0x42 drivers/built-in.o
 .text.device_bind_with_driver_data
                0x000000008171470a       0x20 drivers/built-in.o
                0x000000008171470a                device_bind_with_driver_data
 .text.device_bind
                0x000000008171472a       0x20 drivers/built-in.o
                0x000000008171472a                device_bind
 .text.device_bind_by_name
                0x000000008171474a       0x4c drivers/built-in.o
                0x000000008171474a                device_bind_by_name
 *fill*         0x0000000081714796        0x2 
 .text.device_probe
                0x0000000081714798      0x140 drivers/built-in.o
                0x0000000081714798                device_probe
 .text.dev_get_platdata
                0x00000000817148d8       0x28 drivers/built-in.o
                0x00000000817148d8                dev_get_platdata
 .text.dev_get_parent_platdata
                0x0000000081714900       0x28 drivers/built-in.o
                0x0000000081714900                dev_get_parent_platdata
 .text.dev_get_uclass_platdata
                0x0000000081714928       0x28 drivers/built-in.o
                0x0000000081714928                dev_get_uclass_platdata
 .text.dev_get_priv
                0x0000000081714950       0x28 drivers/built-in.o
                0x0000000081714950                dev_get_priv
 .text.dev_get_uclass_priv
                0x0000000081714978       0x28 drivers/built-in.o
                0x0000000081714978                dev_get_uclass_priv
 .text.dev_get_parent_priv
                0x00000000817149a0       0x28 drivers/built-in.o
                0x00000000817149a0                dev_get_parent_priv
 .text.device_get_child
                0x00000000817149c8       0x3c drivers/built-in.o
                0x00000000817149c8                device_get_child
 .text.device_find_first_child
                0x0000000081714a04       0x14 drivers/built-in.o
                0x0000000081714a04                device_find_first_child
 .text.device_find_next_child
                0x0000000081714a18       0x18 drivers/built-in.o
                0x0000000081714a18                device_find_next_child
 .text.dev_get_driver_data
                0x0000000081714a30        0x4 drivers/built-in.o
                0x0000000081714a30                dev_get_driver_data
 .text.device_get_uclass_id
                0x0000000081714a34        0x8 drivers/built-in.o
                0x0000000081714a34                device_get_uclass_id
 .text.device_has_active_children
                0x0000000081714a3c       0x30 drivers/built-in.o
                0x0000000081714a3c                device_has_active_children
 .text.device_is_last_sibling
                0x0000000081714a6c       0x14 drivers/built-in.o
                0x0000000081714a6c                device_is_last_sibling
 .text.devfdt_get_addr_index
                0x0000000081714a80       0x78 drivers/built-in.o
                0x0000000081714a80                devfdt_get_addr_index
 .text.devfdt_get_addr
                0x0000000081714af8       0x10 drivers/built-in.o
                0x0000000081714af8                devfdt_get_addr
 .text.lists_driver_lookup_name
                0x0000000081714b08       0x38 drivers/built-in.o
                0x0000000081714b08                lists_driver_lookup_name
 .text.lists_uclass_lookup
                0x0000000081714b40       0x20 drivers/built-in.o
                0x0000000081714b40                lists_uclass_lookup
 .text.lists_bind_drivers
                0x0000000081714b60       0x58 drivers/built-in.o
                0x0000000081714b60                lists_bind_drivers
 .text.device_bind_driver_to_node
                0x0000000081714bb8       0x36 drivers/built-in.o
                0x0000000081714bb8                device_bind_driver_to_node
 .text.device_bind_driver
                0x0000000081714bee       0x1a drivers/built-in.o
                0x0000000081714bee                device_bind_driver
 .text.lists_bind_fdt
                0x0000000081714c08       0xe0 drivers/built-in.o
                0x0000000081714c08                lists_bind_fdt
 .text.dm_scan_fdt_node
                0x0000000081714ce8       0x78 drivers/built-in.o
 .text.dm_root  0x0000000081714d60       0x24 drivers/built-in.o
                0x0000000081714d60                dm_root
 .text.dm_get_translation_offset
                0x0000000081714d84       0x14 drivers/built-in.o
                0x0000000081714d84                dm_get_translation_offset
 .text.dm_init  0x0000000081714d98       0x48 drivers/built-in.o
                0x0000000081714d98                dm_init
 .text.dm_remove_devices_flags
                0x0000000081714de0       0x1a drivers/built-in.o
                0x0000000081714de0                dm_remove_devices_flags
 *fill*         0x0000000081714dfa        0x2 
 .text.dm_scan_platdata
                0x0000000081714dfc       0x24 drivers/built-in.o
                0x0000000081714dfc                dm_scan_platdata
 .text.dm_scan_fdt_dev
                0x0000000081714e20       0x26 drivers/built-in.o
                0x0000000081714e20                dm_scan_fdt_dev
 .text.dm_scan_fdt
                0x0000000081714e46       0x1c drivers/built-in.o
                0x0000000081714e46                dm_scan_fdt
 *fill*         0x0000000081714e62        0x2 
 .text.dm_extended_scan_fdt
                0x0000000081714e64       0x38 drivers/built-in.o
                0x0000000081714e64                dm_extended_scan_fdt
 .text.dm_scan_other
                0x0000000081714e9c        0x4 drivers/built-in.o
                0x0000000081714e9c                dm_scan_other
 .text.dm_init_and_scan
                0x0000000081714ea0       0x36 drivers/built-in.o
                0x0000000081714ea0                dm_init_and_scan
 .text.uclass_find
                0x0000000081714ed6       0x36 drivers/built-in.o
                0x0000000081714ed6                uclass_find
 .text.uclass_get
                0x0000000081714f0c       0xb4 drivers/built-in.o
                0x0000000081714f0c                uclass_get
 .text.uclass_find_device
                0x0000000081714fc0       0x50 drivers/built-in.o
                0x0000000081714fc0                uclass_find_device
 .text.uclass_find_first_device
                0x0000000081715010       0x2e drivers/built-in.o
                0x0000000081715010                uclass_find_first_device
 .text.uclass_find_next_device
                0x000000008171503e       0x18 drivers/built-in.o
                0x000000008171503e                uclass_find_next_device
 .text.uclass_find_device_by_seq
                0x0000000081715056       0x56 drivers/built-in.o
                0x0000000081715056                uclass_find_device_by_seq
 .text.uclass_find_device_by_of_offset
                0x00000000817150ac       0x4c drivers/built-in.o
                0x00000000817150ac                uclass_find_device_by_of_offset
 .text.uclass_get_device_tail
                0x00000000817150f8       0x22 drivers/built-in.o
                0x00000000817150f8                uclass_get_device_tail
 .text.uclass_get_device
                0x000000008171511a       0x26 drivers/built-in.o
                0x000000008171511a                uclass_get_device
 .text.uclass_get_device_by_seq
                0x0000000081715140       0x3c drivers/built-in.o
                0x0000000081715140                uclass_get_device_by_seq
 .text.uclass_get_device_by_of_offset
                0x000000008171517c       0x26 drivers/built-in.o
                0x000000008171517c                uclass_get_device_by_of_offset
 .text.uclass_first_device
                0x00000000817151a2       0x2e drivers/built-in.o
                0x00000000817151a2                uclass_first_device
 .text.uclass_next_device
                0x00000000817151d0       0x32 drivers/built-in.o
                0x00000000817151d0                uclass_next_device
 .text.uclass_bind_device
                0x0000000081715202       0x46 drivers/built-in.o
                0x0000000081715202                uclass_bind_device
 .text.uclass_unbind_device
                0x0000000081715248       0x2e drivers/built-in.o
                0x0000000081715248                uclass_unbind_device
 *fill*         0x0000000081715276        0x2 
 .text.uclass_resolve_seq
                0x0000000081715278       0x74 drivers/built-in.o
                0x0000000081715278                uclass_resolve_seq
 .text.uclass_pre_probe_device
                0x00000000817152ec       0x36 drivers/built-in.o
                0x00000000817152ec                uclass_pre_probe_device
 .text.uclass_post_probe_device
                0x0000000081715322       0x1c drivers/built-in.o
                0x0000000081715322                uclass_post_probe_device
 .text.uclass_pre_remove_device
                0x000000008171533e       0x1c drivers/built-in.o
                0x000000008171533e                uclass_pre_remove_device
 .text.dm_warn  0x000000008171535a       0x16 drivers/built-in.o
                0x000000008171535a                dm_warn
 .text.dm_fdt_pre_reloc
                0x0000000081715370       0x40 drivers/built-in.o
                0x0000000081715370                dm_fdt_pre_reloc
 .text.device_unbind
                0x00000000817153b0       0xc0 drivers/built-in.o
                0x00000000817153b0                device_unbind
 .text.device_free
                0x0000000081715470       0x56 drivers/built-in.o
                0x0000000081715470                device_free
 *fill*         0x00000000817154c6        0x2 
 .text.device_remove
                0x00000000817154c8       0xf8 drivers/built-in.o
                0x00000000817154c8                device_remove
 .text.simple_bus_post_bind
                0x00000000817155c0       0x40 drivers/built-in.o
 .text.show_devices
                0x0000000081715600       0xa4 drivers/built-in.o
 .text.dm_dump_all
                0x00000000817156a4       0x34 drivers/built-in.o
                0x00000000817156a4                dm_dump_all
 .text.dm_dump_uclass
                0x00000000817156d8       0x98 drivers/built-in.o
                0x00000000817156d8                dm_dump_uclass
 .text.ofnode_read_u32
                0x0000000081715770       0x52 drivers/built-in.o
                0x0000000081715770                ofnode_read_u32
 .text.ofnode_read_u32_default
                0x00000000817157c2       0x18 drivers/built-in.o
                0x00000000817157c2                ofnode_read_u32_default
 .text.ofnode_read_u32_array
                0x00000000817157da       0x22 drivers/built-in.o
                0x00000000817157da                ofnode_read_u32_array
 .text.ofnode_get_name
                0x00000000817157fc       0x14 drivers/built-in.o
                0x00000000817157fc                ofnode_get_name
 .text.ofnode_path
                0x0000000081715810       0x12 drivers/built-in.o
                0x0000000081715810                ofnode_path
 .text.ofnode_get_property
                0x0000000081715822       0x1c drivers/built-in.o
                0x0000000081715822                ofnode_get_property
 .text.get_desc
                0x000000008171583e       0x3a drivers/built-in.o
 .text.blk_driver_lookup_type
                0x0000000081715878       0x20 drivers/built-in.o
                0x0000000081715878                blk_driver_lookup_type
 .text.blk_get_if_type_name
                0x0000000081715898        0xe drivers/built-in.o
                0x0000000081715898                blk_get_if_type_name
 .text.blk_list_part
                0x00000000817158a6       0x54 drivers/built-in.o
                0x00000000817158a6                blk_list_part
 .text.blk_print_part_devnum
                0x00000000817158fa       0x32 drivers/built-in.o
                0x00000000817158fa                blk_print_part_devnum
 .text.blk_list_devices
                0x000000008171592c       0x40 drivers/built-in.o
                0x000000008171592c                blk_list_devices
 .text.blk_print_device_num
                0x000000008171596c       0x38 drivers/built-in.o
                0x000000008171596c                blk_print_device_num
 .text.blk_show_device
                0x00000000817159a4       0x54 drivers/built-in.o
                0x00000000817159a4                blk_show_device
 .text.blk_get_devnum_by_type
                0x00000000817159f8       0x20 drivers/built-in.o
                0x00000000817159f8                blk_get_devnum_by_type
 .text.blk_dselect_hwpart
                0x0000000081715a18       0x24 drivers/built-in.o
                0x0000000081715a18                blk_dselect_hwpart
 .text.blk_get_devnum_by_typename
                0x0000000081715a3c       0x4c drivers/built-in.o
                0x0000000081715a3c                blk_get_devnum_by_typename
 .text.blk_read_devnum
                0x0000000081715a88       0x30 drivers/built-in.o
                0x0000000081715a88                blk_read_devnum
 .text.blk_write_devnum
                0x0000000081715ab8       0x30 drivers/built-in.o
                0x0000000081715ab8                blk_write_devnum
 .text.blk_select_hwpart_devnum
                0x0000000081715ae8       0x2a drivers/built-in.o
                0x0000000081715ae8                blk_select_hwpart_devnum
 .text.mmc_set_ios
                0x0000000081715b12       0x16 drivers/built-in.o
 .text.mmc_set_capacity
                0x0000000081715b28       0x7a drivers/built-in.o
 .text.board_mmc_getwp
                0x0000000081715ba2        0x6 drivers/built-in.o
                0x0000000081715ba2                board_mmc_getwp
 .text.mmc_getwp
                0x0000000081715ba8       0x24 drivers/built-in.o
                0x0000000081715ba8                mmc_getwp
 .text.board_mmc_getcd
                0x0000000081715bcc        0x6 drivers/built-in.o
                0x0000000081715bcc                board_mmc_getcd
 .text.mmc_send_cmd
                0x0000000081715bd2       0x12 drivers/built-in.o
                0x0000000081715bd2                mmc_send_cmd
 .text.mmc_send_ext_csd
                0x0000000081715be4       0x32 drivers/built-in.o
 .text.mmc_go_idle
                0x0000000081715c16       0x38 drivers/built-in.o
 *fill*         0x0000000081715c4e        0x2 
 .text.mmc_send_op_cond_iter
                0x0000000081715c50       0x54 drivers/built-in.o
 .text.mmc_send_status
                0x0000000081715ca4       0x94 drivers/built-in.o
                0x0000000081715ca4                mmc_send_status
 .text.mmc_set_blocklen
                0x0000000081715d38       0x32 drivers/built-in.o
                0x0000000081715d38                mmc_set_blocklen
 *fill*         0x0000000081715d6a        0x2 
 .text.mmc_bread
                0x0000000081715d6c       0xf8 drivers/built-in.o
                0x0000000081715d6c                mmc_bread
 .text.mmc_switch
                0x0000000081715e64       0x4c drivers/built-in.o
                0x0000000081715e64                mmc_switch
 .text.mmc_switch_part
                0x0000000081715eb0       0x4c drivers/built-in.o
                0x0000000081715eb0                mmc_switch_part
 .text.mmc_hwpart_config
                0x0000000081715efc      0x300 drivers/built-in.o
                0x0000000081715efc                mmc_hwpart_config
 .text.mmc_getcd
                0x00000000817161fc       0x26 drivers/built-in.o
                0x00000000817161fc                mmc_getcd
 .text.mmc_set_clock
                0x0000000081716222       0x22 drivers/built-in.o
                0x0000000081716222                mmc_set_clock
 .text.mmc_startup
                0x0000000081716244      0xa78 drivers/built-in.o
 .text.board_mmc_power_init
                0x0000000081716cbc        0x2 drivers/built-in.o
                0x0000000081716cbc                board_mmc_power_init
 *fill*         0x0000000081716cbe        0x2 
 .text.mmc_start_init
                0x0000000081716cc0      0x19c drivers/built-in.o
                0x0000000081716cc0                mmc_start_init
 .text.mmc_init
                0x0000000081716e5c       0xd0 drivers/built-in.o
                0x0000000081716e5c                mmc_init
 .text.mmc_set_dsr
                0x0000000081716f2c        0x6 drivers/built-in.o
                0x0000000081716f2c                mmc_set_dsr
 .text.cpu_mmc_init
                0x0000000081716f32        0x6 drivers/built-in.o
                0x0000000081716f32                cpu_mmc_init
 .text.mmc_initialize
                0x0000000081716f38       0x40 drivers/built-in.o
                0x0000000081716f38                mmc_initialize
 .text.find_mmc_device
                0x0000000081716f78       0x30 drivers/built-in.o
                0x0000000081716f78                find_mmc_device
 .text.mmc_select_hwpartp
                0x0000000081716fa8       0x3a drivers/built-in.o
 .text.mmc_get_dev
                0x0000000081716fe2       0x20 drivers/built-in.o
 *fill*         0x0000000081717002        0x2 
 .text.mmc_get_next_devnum
                0x0000000081717004       0x10 drivers/built-in.o
                0x0000000081717004                mmc_get_next_devnum
 .text.mmc_get_blk_desc
                0x0000000081717014        0x4 drivers/built-in.o
                0x0000000081717014                mmc_get_blk_desc
 .text.get_mmc_num
                0x0000000081717018        0xc drivers/built-in.o
                0x0000000081717018                get_mmc_num
 .text.mmc_do_preinit
                0x0000000081717024       0x24 drivers/built-in.o
                0x0000000081717024                mmc_do_preinit
 .text.mmc_list_init
                0x0000000081717048       0x18 drivers/built-in.o
                0x0000000081717048                mmc_list_init
 .text.mmc_list_add
                0x0000000081717060       0x14 drivers/built-in.o
                0x0000000081717060                mmc_list_add
 .text.print_mmc_devices
                0x0000000081717074       0x80 drivers/built-in.o
                0x0000000081717074                print_mmc_devices
 .text.mmc_create
                0x00000000817170f4       0x80 drivers/built-in.o
                0x00000000817170f4                mmc_create
 .text.mmc_berase
                0x0000000081717174      0x11c drivers/built-in.o
                0x0000000081717174                mmc_berase
 .text.mmc_bwrite
                0x0000000081717290      0x118 drivers/built-in.o
                0x0000000081717290                mmc_bwrite
 .text.sunxi_mmc_core_init
                0x00000000817173a8       0x1e drivers/built-in.o
 *fill*         0x00000000817173c6        0x2 
 .text.sunxi_mmc_getcd_gpio
                0x00000000817173c8       0x20 drivers/built-in.o
 .text.sunxi_mmc_getcd_legacy
                0x00000000817173e8       0x22 drivers/built-in.o
 *fill*         0x000000008171740a        0x2 
 .text.mmc_update_clk.isra.1
                0x000000008171740c       0x48 drivers/built-in.o
 .text.mmc_set_mod_clk
                0x0000000081717454       0xa4 drivers/built-in.o
 .text.sunxi_mmc_set_ios_legacy
                0x00000000817174f8       0x8c drivers/built-in.o
 .text.sunxi_mmc_send_cmd_legacy
                0x0000000081717584      0x224 drivers/built-in.o
 .text.sunxi_mmc_init
                0x00000000817177a8      0x138 drivers/built-in.o
                0x00000000817177a8                sunxi_mmc_init
 .text.keyboard_start
                0x00000000817178e0       0x1c drivers/built-in.o
 .text.keyboard_stop
                0x00000000817178fc       0x1c drivers/built-in.o
 .text.keyboard_pre_probe
                0x0000000081717918       0x50 drivers/built-in.o
 .text.keyboard_tstc
                0x0000000081717968       0x36 drivers/built-in.o
 .text.keyboard_getc
                0x000000008171799e       0x36 drivers/built-in.o
 .text.input_tstc
                0x00000000817179d4       0x32 drivers/built-in.o
                0x00000000817179d4                input_tstc
 .text.input_getc
                0x0000000081717a06       0x40 drivers/built-in.o
                0x0000000081717a06                input_getc
 .text.input_init
                0x0000000081717a46       0x1c drivers/built-in.o
                0x0000000081717a46                input_init
 .text.get_function
                0x0000000081717a62       0x66 drivers/gpio/built-in.o
 .text.gpio_to_device
                0x0000000081717ac8       0x52 drivers/gpio/built-in.o
 *fill*         0x0000000081717b1a        0x2 
 .text.check_reserved